=== HINGLISH TEST ===
**Dr. Aarogya** - एमबीबीएस, एमडी (आंतरिक चिकित्सा), एफआईसीएस (सर्जरी)

आपके लक्षणों के आधार पर, यह **सामान्य चिकित्सा** से संबंधित लग रहा है।

**संभावित कारण:**
  • टीकाकरण प्रतिक्रिया
  • वायरल संक्रमण (सर्दी, फ्लू, कोविड-19)
  • जीवाणु संक्रमण
  • डेंगू, मलेरिया (स्थानिक क्षेत्रों में)
  • कोविड-19

बुखार शरीर के तापमान का अस्थायी बढ़ना है, जो अक्सर बीमारी के कारण होता है।
सामान्य सर्दी ऊपरी श्वसन पथ का एक वायरल संक्रमण है। यह आमतौर पर हानिरहित है।

**घरेलू उपचार / सुझाव:**
  ✅ हर 4-6 घंटे में तापमान जांचें
  ✅ भाप लें
  ✅ माथे पर ठंडी पट्टी रखें
  ✅ पर्याप्त आराम करें
  ✅ शहद और नींबू के साथ गर्म पानी
  ✅ आराम करें और पर्याप्त पानी पिएं
  ✅ गर्म सूप और हर्बल चाय पिएं
  ✅ गर्म नमक वाले पानी से गरारे करें
  ✅ यदि तापमान 101°F से अधिक हो तो पैरासिटामोल लें

**संभावित दवाएं (डॉक्टर से सलाह के बाद ही लें):**
  💊 **Cough syrup (Dextromethorphan for dry cough)** - 5-10 ml three times daily (syrup)
  💊 **Cough syrup (Dextromethorphan for dry cough)**
  💊 **Cetirizine (for runny nose/sneezing)** - 10 mg at night (tablet)
  💊 **Cetirizine (for runny nose/sneezing)**
  💊 **Paracetamol (for fever/body ache)** - 500-650 mg as needed (tablet)
  💊 **Paracetamol (for fever/body ache)**
  💊 **Amoxicillin (if bacterial infection suspected)** - 500 mg three times daily - 5 days (capsule)
  💊 **Amoxicillin (if bacterial infection suspected)**

🚨 **खतरे के संकेत (तुरंत डॉक्टर से मिलें):**
  ⚠️ खून वाली खांसी
  ⚠️ दवा से भी 103°F से अधिक बुखार कम न होना
  ⚠️ गर्दन में अकड़न
  ⚠️ सीने में दर्द
  ⚠️ तीव्र सिरदर्द

---
**📋 पर्चा तैयार**
### 📋 पर्चा
---
**डॉ. आरोग्य**
*एमबीबीएस, एमडी, एफआईसीएस (सर्जरी)*
*आरोग्य मल्टीस्पेशलिटी हॉस्पिटल*
*पंजी: DEL-MC-2010-04256*
---
🧑‍⚕️ मरीज: ****  |  📅 तारीख: 06-Jul-2026 11:00
---
#### 💊 निर्धारित दवाएं
| # | Medicine | Dosage | Timing | Duration | Note |
|---|----------|--------|--------|----------|------|
| 1 | Paracetamol (Crocin/Calpol) | 500-650 mg every 6 hours | as directed | tablet/syrup |  |
| 2 | Ibuprofen (Brufen) | 400 mg every 8 hours with food | as directed | tablet |  |
| 3 | Paracetamol (for fever/body ache) | 500-650 mg as needed | as directed | tablet |  |
| 4 | Cetirizine (for runny nose/sneezing) | 10 mg at night | as directed | tablet |  |
| 5 | Cough syrup (Dextromethorphan for dry cough) | 5-10 ml three times daily | as directed | syrup |  |
| 6 | Amoxicillin (if bacterial infection suspected) | 500 mg three times daily - 5 days | as directed | capsule |  |

#### 📝 सलाह और सावधानियां
- ✅ ['दवा पूरा कोर्स लें, भले ही आप ठीक महसूस करें', 'खूब पानी पिएं और आराम करें', 'मसालेदार/तेल वाले भोजन से बचें', 'अगर लक्षण 3 दिन में ठीक न हों तो डॉक्टर से मिलें']
- ✅ दवा पूरा कोर्स लें, भले ही आप ठीक महसूस करें
- ✅ खूब पानी पिएं और आराम करें
- ✅ अगर लक्षण 3 दिन में ठीक न हों तो डॉक्टर से मिलें

#### 📆 दोबारा मिलें  
3 दिन में दोबारा जांच कराएं यदि लक्षण बने रहें

---
✍️ डॉ. आरोग्य

_जानकारी के लिए AI-जनित पर्चा। कृपया योग्य डॉक्टर से सलाह लें।_
---

*⚠️ **डिस्क्लेमर:** मैं एक AI डॉक्टर हूं। यह जानकारी केवल शैक्षिक उद्देश्य के लिए है। कृपया किसी भी दवा या उपचार को शुरू करने से पहले एक योग्य चिकित्सक से परामर्श करें। गंभीर स्थिति में तुरंत नजदीकी अस्पताल जाएं।*

*क्या आपके कोई और प्रश्न हैं? मैं आपकी मदद के लिए यहां हूं।*

=== PRESCRIPTION TEST ===
### 📋 PRESCRIPTION
---
**Dr. Aarogya**
*MBBS, MD, FICS (Surgery)*
*Aarogya Multispecialty Hospital*
*Reg: DEL-MC-2010-04256*
---
🧑‍⚕️ Patient: **Test Patient**  |  📅 Date: 06-Jul-2026 11:00
---
#### 💊 Prescribed Medicines
| # | Medicine | Dosage | Timing | Duration | Note |
|---|----------|--------|--------|----------|------|
| 1 | Paracetamol (Crocin/Calpol) | 500-650 mg every 6 hours | as directed | tablet/syrup |  |
| 2 | Ibuprofen (Brufen) | 400 mg every 8 hours with food | as directed | tablet |  |
| 3 | Paracetamol (for fever/body ache) | 500-650 mg as needed | as directed | tablet |  |
| 4 | Cetirizine (for runny nose/sneezing) | 10 mg at night | as directed | tablet |  |
| 5 | Cough syrup (Dextromethorphan for dry cough) | 5-10 ml three times daily | as directed | syrup |  |
| 6 | Amoxicillin (if bacterial infection suspected) | 500 mg three times daily - 5 days | as directed | capsule |  |

#### 📝 Advice & Precautions
- ✅ ['Complete the full course of medication even if you feel better', 'Drink plenty of water and get adequate rest', 'Avoid spicy/oily food during treatment', 'Consult a doctor if symptoms persist beyond 3 days']
- ✅ Complete the full course of medication even if you feel better
- ✅ Drink plenty of water and get adequate rest
- ✅ Consult a doctor if symptoms persist beyond 3 days

#### 📆 Follow Up  
Re-evaluate in 3 days if symptoms persist

---
✍️ Dr. Aarogya

_AI-generated prescription for informational purposes. Consult a qualified doctor._

=== MEDICINE TEST ===
**Paracetamol / Acetaminophen**
**Brands:** Crocin, Calpol, Tylenol, Pacimol, Fevastin

**Uses:**
  • बुखार कम करना
  • हल्के से मध्यम दर्द में राहत (सिरदर्द, बदन दर्द, दांत दर्द)

**Dosage (सामान्य):**
  वयस्क: 500-650 mg हर 4-6 घंटे (अधिकतम 3000 mg/दिन)। बच्चे: 15 mg/kg हर 6 घंटे।

**Side Effects (सामान्य दुष्प्रभाव):**
  ⚠️ आमतौर पर अच्छी तरह सहन
  ⚠️ दुर्लभ: त्वचा पर दाने, जिगर की क्षति (अधिक मात्रा में)

**Contraindications:**
  ✗ जिगर की बीमारी
  ✗ शराब की लत
  ✗ पैरासिटामोल से एलर्जी

**NB:** Visit your doctor before use.

=== SURGERY TEST ===
**एपेंडेक्टॉमी - एपेंडिक्स निकालना**

लेप्रोस्कोपिक या ओपन सर्जरी। रिकवरी: 1-2 सप्ताह। तीव्र एपेंडिसाइटिस के लिए आम।